---
source: crates/archp_assembler_cli/tests/snaptest.rs
input_file: crates/archp_assembler/examples/hello_world.asm
---
success: true
exit_code: 0
----- stdout -----
0x0114A014 # addi a0 a0 0
0x01220004 # addi r17 r0 4
0x40000000 # ecall
0x0122000A # addi r17 r0 10
0x40000000 # ecall
0x6C6C6548 #                 <label: hello>
0x6F57206F # 
0x21646C72 # 
0x0000000A # 
----- stderr -----
