---
source: tests/snaptest.rs
input_file: examples/trapping-rain-water.asm
---
success: true
exit_code: 0
----- stdout -----
0x840C0010 # li t0 16                             <label: main>
0x8200701A # sw t1 io 0                           <label: input>
0x400E7001 # addi t1 t1 1        [inc t1]
0x420C6001 # subi t0 t0 1        [dec t0]
0x9A006020 # bgt t0 zero input   [bgtz t0 input]
0xAA000007 # call solve
0x4034A000 # addi io rt 0        [mv io rt]
0x84020000 # li l 0                               <label: solve>
0x8404000F # li r 15
0x80061000 # lw lmax l 0
0x80082000 # lw rmax r 0
0x9C0013A2 # bge l r endwhile                     <label: while>
0x9C0032A4 # bge lmax rmax else
0x40021001 # addi l l 1          [inc l]
0x80101000 # lw a0 l 0
0x40123000 # addi a1 lmax 0      [mv a1 lmax]
0xAA00001F # call max
0x4006A000 # addi lmax rt 0      [mv lmax rt]
0x020E3008 # sub t1 lmax a0
0x000A5007 # add water water t1
0x90000380 # jmp endif
0x42042001 # subi r r 1          [dec r]          <label: else>
0x80102000 # lw a0 r 0
0x40124000 # addi a1 rmax 0      [mv a1 rmax]
0xAA00001F # call max
0x4008A000 # addi rmax rt 0      [mv rmax rt]
0x020E4008 # sub t1 rmax a0
0x000A5007 # add water water t1
0x90000160 # jmp while                            <label: endif>
0x40145000 # addi rt water 0     [mv rt water]    <label: endwhile>
0xA8000000 # ret
0x30008009 # cmp a0 a1                            <label: max>
0x41548000 # addi.gt rt a0 0     [mv.gt rt a0]
0x41949000 # addi.le rt a1 0     [mv.le rt a1]
0xA8000000 # ret
----- stderr -----
