---
source: tests/snaptest.rs
input_file: examples/insertion_sort.asm
---
success: true
exit_code: 0
----- stdout -----
0xB0020002 # lui sp 2                                   [li sp 8192]
0x40021000 # addi sp sp 0                               [li sp 8192]
0x90000074 # jal r0 main                                [j main]
0x40100001 # addi t0 r0 1                               [li t0 1]                                  <label: insertion_sort>
0x980084C3 # bge t0 a1 .Linsertion_sort_done                                                       <label: .Linsertion_sort_outer>
0x60128002 # slli t1 t0 2                               [sll t1 t0 2]
0x00122009 # add t1 a0 t1
0x80149000 # lw t2 t1 0                                 [lw t2 0(t1)]
0x40168FFF # addi t3 t0 -1                              [add t3 t0 -1]
0x9600B200 # blt t3 zero .Linsertion_sort_insert                                                   <label: .Linsertion_sort_inner>
0x6018B002 # slli t4 t3 2                               [sll t4 t3 2]
0x0018200C # add t4 a0 t4
0x801AC000 # lw t5 t4 0                                 [lw t5 0(t4)]
0x9800A10D # bge t2 t5 .Linsertion_sort_insert          [ble t5 t2 .Linsertion_sort_insert]
0x8A00C08D # sw t4 t5 4                                 [sw t5 4(t4)]
0x4216B001 # subi t3 t3 1                               [dec t3]
0x91C1FFF2 # jal r0 .Linsertion_sort_inner              [j .Linsertion_sort_inner]
0x4016B001 # addi t3 t3 1                               [inc t3]                                   <label: .Linsertion_sort_insert>
0x6016B002 # slli t3 t3 2                               [sll t3 t3 2]
0x0016200B # add t3 a0 t3
0x8A00B00A # sw t3 t2 0                                 [sw t2 0(t3)]
0x40108001 # addi t0 t0 1                               [inc t0]
0x91C1FFDC # jal r0 .Linsertion_sort_outer              [j .Linsertion_sort_outer]
0xA8000000 # ret                                                                                   <label: .Linsertion_sort_done>
0x42021004 # subi sp sp 4                               [sub sp sp 4]                              <label: read_num_with_seg_disp>
0x8A00100E # sw sp s0 0                                 [sw s0 0(sp)]
0x401C0000 # addi s0 r0 0                               [clr s0]
0xD400000E # seg s0                                                                                <label: .Lread_digit_with_seg_disp_loop>
0xAA00000C # call read_digit
0x923E2F80 # beq a0 r0 .Lread_digit_with_seg_disp_loop  [beqz a0 .Lread_digit_with_seg_disp_loop]
0x4004E000 # addi a0 s0 0                               [mv a0 s0]
0x801C1000 # lw s0 sp 0                                 [lw s0 0(sp)]
0x40021004 # addi sp sp 4                               [add sp sp 4]
0xA8000000 # ret
0xAA00001E # call read_key                                                                         <label: read_digit>
0x403E0035 # addi tmp r0 53                             [beq a0 KEY_ENTER .Lread_digit_enter]
0x920022DF # beq a0 tmp .Lread_digit_enter              [beq a0 KEY_ENTER .Lread_digit_enter]
0x403E0017 # addi tmp r0 23                             [beq a0 KEY_0 .Lread_digit_is_zero]
0x9200211F # beq a0 tmp .Lread_digit_is_zero            [beq a0 KEY_0 .Lread_digit_is_zero]
0x4210200E # subi t0 a0 14                              [sub t0 a0 KEY_1]
0x40108001 # addi t0 t0 1                               [inc t0]
0x90000004 # jal r0 .Lread_digit_acc                    [j .Lread_digit_acc]
0x40100000 # addi t0 r0 0                               [li t0 0]                                  <label: .Lread_digit_is_zero>
0x441CE00A # muli s0 s0 10                              [mul s0 s0 10]                             <label: .Lread_digit_acc>
0x001CE008 # add s0 s0 t0
0x40040000 # addi a0 r0 0                               [li a0 0]
0xA8000000 # ret
0x40040001 # addi a0 r0 1                               [li a0 1]                                  <label: .Lread_digit_enter>
0xA8000000 # ret
0x4005B000 # addi a0 kb 0                               [mv a0 kb]                                 <label: read_key>
0x403E000E # addi tmp r0 14                             [blt a0 KEY_1 read_key]
0x963E2F9F # blt a0 tmp read_key                        [blt a0 KEY_1 read_key]
0x403E0035 # addi tmp r0 53                             [beq a0 KEY_ENTER .Lread_key_end]
0x920020DF # beq a0 tmp .Lread_key_end                  [beq a0 KEY_ENTER .Lread_key_end]
0x403E0017 # addi tmp r0 23                             [bgt a0 KEY_0 read_key]
0x963FFE82 # blt tmp a0 read_key                        [bgt a0 KEY_0 read_key]
0xA8000000 # ret                                                                                   <label: .Lread_key_end>
0x4011B000 # addi t0 kb 0                               [mv t0 kb]                                 <label: wait>
0x923E8FC0 # beq t0 r0 wait                             [beqz t0 wait]
0xA8000000 # ret
0xABC1FFB8 # call read_num_with_seg_disp                                                           <label: main>
0x40062000 # addi a1 a0 0                               [mv a1 a0]
0x601C3002 # slli s0 a1 2                               [sll s0 a1 2]
0x0202100E # sub sp sp s0
0x40163000 # addi t3 a1 0                               [mv t3 a1]
0x40121000 # addi t1 sp 0                               [mv t1 sp]
0x9200B1C0 # beq t3 r0 .Lmain_input_done                [beqz t3 .Lmain_input_done]                <label: .Lmain_input_loop>
0xABC1FFAA # call read_num_with_seg_disp
0x40142000 # addi t2 a0 0                               [mv t2 a0]
0x8A00900A # sw t1 t2 0                                 [sw t2 0(t1)]
0x40129004 # addi t1 t1 4                               [add t1 t1 4]
0x4216B001 # subi t3 t3 1                               [dec t3]
0x91C1FFF4 # jal r0 .Lmain_input_loop                   [j .Lmain_input_loop]
0xD60000FF # segi 255                                                                              <label: .Lmain_input_done>
0xABC1FFDE # call wait
0x40041000 # addi a0 sp 0                               [mv a0 sp]
0xABC1FF6E # call insertion_sort
0xD60000FE # segi 254
0xABC1FFD6 # call wait
0x920031C0 # beq a1 zero .Lmain_output_done                                                        <label: .Lmain_output_loop>
0x80102000 # lw t0 a0 0                                 [lw t0 0(a0)]
0xD4000008 # seg t0
0xABC1FFCE # call wait
0x40042004 # addi a0 a0 4                               [add a0 a0 4]
0x42063001 # subi a1 a1 1                               [dec a1]
0x91C1FFF4 # jal r0 .Lmain_output_loop                  [j .Lmain_output_loop]
0x0002100E # add sp sp s0                                                                          <label: .Lmain_output_done>
0xD6000000 # segi 0
0x90000002 # jal r0 halt                                [j halt]
0x90000000 # jal r0 halt                                [j halt]                                   <label: halt>
----- stderr -----
